The value specified in an AutoRun registry key could not be parsed.

FAILURE: Build failed with an exception.

* What went wrong:
Gradle could not start your build.
> Could not create service of type BuildLifecycleController using ServicesProvider.createBuildLifecycleController().
   > Could not create service of type GradleInternal using ServicesProvider.createGradleModel().
      > Could not create an instance of type org.gradle.invocation.DefaultGradle.
         > Could not configure services using GradleScopeCompileServices.configure().

* Try:
> Run with --stacktrace option to get the stack trace.
> Run with --info or --debug option to get more log output.
> Run with --scan to get full insights.
> Get more help at https://help.gradle.org.

BUILD FAILED in 1s
